// Jest Snapshot v1, https://goo.gl/fbAQLP

exports[`HelloWorld.vue 组件渲染正常 1`] = `
<div class="hello">
  <h1>de2ll lee</h1>
  <p>123</p>
</div>
`;
