// Jest Snapshot v1, https://goo.gl/fbAQLP

exports[`header样式发生改变，给出提示 1`] = `
<div class="header">
  <div class="header-content">
    TodoList
    <input data-test="input" class="header-input"></div>
</div>
`;
